#-----------------------------------------------------------
# Vivado v2019.1 (64-bit)
# SW Build 2552052 on Fri May 24 14:49:42 MDT 2019
# IP Build 2548770 on Fri May 24 18:01:18 MDT 2019
# Start of session at: Thu Oct  3 15:51:25 2019
# Process ID: 764
# Current directory: C:/Users/Malav/Documents/EE316Lab/LabWork/Lab_3
# Command line: vivado.exe -gui_launcher_event rodinguilauncherevent4864 C:\Users\Malav\Documents\EE316Lab\LabWork\Lab_3\Lab_3.xpr
# Log file: C:/Users/Malav/Documents/EE316Lab/LabWork/Lab_3/vivado.log
# Journal file: C:/Users/Malav/Documents/EE316Lab/LabWork/Lab_3\vivado.jou
#-----------------------------------------------------------
start_gui
open_project C:/Users/Malav/Documents/EE316Lab/LabWork/Lab_3/Lab_3.xpr
reset_run synth_1
launch_runs synth_1 -jobs 2
wait_on_run synth_1
launch_runs impl_1 -jobs 2
wait_on_run impl_1
launch_runs impl_1 -to_step write_bitstream -jobs 2
wait_on_run impl_1
export_ip_user_files -of_objects  [get_files C:/Users/Malav/Documents/EE316Lab/LabWork/Basys3_Master.xdc] -no_script -reset -force -quiet
remove_files  -fileset constrs_1 C:/Users/Malav/Documents/EE316Lab/LabWork/Basys3_Master.xdc
add_files -fileset constrs_1 -norecurse C:/Users/Malav/Documents/EE316Lab/LabWork/Basys3_Master.xdc
