#-----------------------------------------------------------
# Vivado v2019.1 (64-bit)
# SW Build 2552052 on Fri May 24 14:49:42 MDT 2019
# IP Build 2548770 on Fri May 24 18:01:18 MDT 2019
# Start of session at: Thu Oct  3 12:27:19 2019
# Process ID: 4652
# Current directory: C:/Users/Malav/Documents/EE316Lab/LabWork/Lab_3
# Command line: vivado.exe -gui_launcher_event rodinguilauncherevent5116 C:\Users\Malav\Documents\EE316Lab\LabWork\Lab_3\Lab_3.xpr
# Log file: C:/Users/Malav/Documents/EE316Lab/LabWork/Lab_3/vivado.log
# Journal file: C:/Users/Malav/Documents/EE316Lab/LabWork/Lab_3\vivado.jou
#-----------------------------------------------------------
start_gui
open_project C:/Users/Malav/Documents/EE316Lab/LabWork/Lab_3/Lab_3.xpr
# Disabling source management mode.  This is to allow the top design properties to be set without GUI intervention.
set_property source_mgmt_mode None [current_project]
set_property top segment_display [current_fileset]
# Re-enabling previously disabled source management mode.
set_property source_mgmt_mode DisplayOnly [current_project]
# Disabling source management mode.  This is to allow the top design properties to be set without GUI intervention.
set_property source_mgmt_mode None [current_project]
set_property top tb_segment [get_filesets sim_1]
set_property top_lib xil_defaultlib [get_filesets sim_1]
# Re-enabling previously disabled source management mode.
set_property source_mgmt_mode DisplayOnly [current_project]
reset_run synth_1
launch_runs synth_1 -jobs 2
wait_on_run synth_1
launch_runs impl_1 -jobs 2
wait_on_run impl_1
launch_runs impl_1 -to_step write_bitstream -jobs 2
wait_on_run impl_1
reset_run impl_1 -prev_step 
launch_runs impl_1 -to_step write_bitstream -jobs 2
wait_on_run impl_1
reset_run impl_1
